﻿
   PASS  Tests\Unit\ExampleTest
  Γ£ô that true iΓÇª 0.01s  

   FAIL  Tests\Feature\ExampleTest
  Γ¿» the applicaΓÇª 2.99s  
  ΓöÇΓöÇΓöÇΓöÇΓöÇΓöÇΓöÇΓöÇΓöÇΓöÇΓöÇΓöÇΓöÇΓöÇΓöÇΓöÇΓöÇΓöÇΓöÇΓöÇ  
   FAILED  Tests\FeaΓÇª   
  Expected response status code [200] but received 500.
Failed asserting that 500 is identical to 200.

The following exception occurred during the last request:

PDOException: could not find driver in C:\Users\admin\du-an-tot-nghiep\vendor\laravel\framework\src\Illuminate\Database\Connectors\Connector.php:66
Stack trace:
#0 C:\Users\admin\du-an-tot-nghiep\vendor\laravel\framework\src\Illuminate\Database\Connectors\Connector.php(66): PDO->__construct('sqlite::memory:', NULL, Object(SensitiveParameterValue), Array)
#1 C:\Users\admin\du-an-tot-nghiep\vendor\laravel\framework\src\Illuminate\Database\Connectors\Connector.php(44): Illuminate\Database\Connectors\Connector->createPdoConnection('sqlite::memory:', NULL, Object(SensitiveParameterValue), Array)
#2 C:\Users\admin\du-an-tot-nghiep\vendor\laravel\framework\src\Illuminate\Database\Connectors\SQLiteConnector.php(28): Illuminate\Database\Connectors\Connector->createConnection('sqlite::memory:', Array, Array)
#3 C:\Users\admin\du-an-tot-nghiep\vendor\laravel\framework\src\Illuminate\Database\Connectors\ConnectionFactory.php(224): Illuminate\Database\Connectors\SQLiteConnector->connect(Array)
#4 [internal function]: Illuminate\Database\Connectors\ConnectionFactory->Illuminate\Database\Connectors\{closure}()
#5 C:\Users\admin\du-an-tot-nghiep\vendor\laravel\framework\src\Illuminate\Database\Connection.php(1231): call_user_func(Object(Closure))
#6 C:\Users\admin\du-an-tot-nghiep\vendor\laravel\framework\src\Illuminate\Database\Connection.php(565): Illuminate\Database\Connection->getPdo()
#7 C:\Users\admin\du-an-tot-nghiep\vendor\laravel\framework\src\Illuminate\Database\Connection.php(812): Illuminate\Database\Connection->Illuminate\Database\{closure}('PRAGMA foreign_...', Array)
#8 C:\Users\admin\du-an-tot-nghiep\vendor\laravel\framework\src\Illuminate\Database\Connection.php(779): Illuminate\Database\Connection->runQueryCallback('PRAGMA foreign_...', Array, Object(Closure))
#9 C:\Users\admin\du-an-tot-nghiep\vendor\laravel\framework\src\Illuminate\Database\Connection.php(560): Illuminate\Database\Connection->run('PRAGMA foreign_...', Array, Object(Closure))
#10 C:\Users\admin\du-an-tot-nghiep\vendor\laravel\framework\src\Illuminate\Database\Schema\Builder.php(522): Illuminate\Database\Connection->statement('PRAGMA foreign_...')
#11 C:\Users\admin\du-an-tot-nghiep\vendor\laravel\framework\src\Illuminate\Database\SQLiteConnection.php(59): Illuminate\Database\Schema\Builder->enableForeignKeyConstraints()
#12 C:\Users\admin\du-an-tot-nghiep\vendor\laravel\framework\src\Illuminate\Database\SQLiteConnection.php(28): Illuminate\Database\SQLiteConnection->configureForeignKeyConstraints()
#13 C:\Users\admin\du-an-tot-nghiep\vendor\laravel\framework\src\Illuminate\Database\Connectors\ConnectionFactory.php(277): Illuminate\Database\SQLiteConnection->__construct(Object(Closure), ':memory:', '', Array)
#14 C:\Users\admin\du-an-tot-nghiep\vendor\laravel\framework\src\Illuminate\Database\Connectors\ConnectionFactory.php(76): Illuminate\Database\Connectors\ConnectionFactory->createConnection('sqlite', Object(Closure), ':memory:', '', Array)
#15 C:\Users\admin\du-an-tot-nghiep\vendor\laravel\framework\src\Illuminate\Database\Connectors\ConnectionFactory.php(51): Illuminate\Database\Connectors\ConnectionFactory->createSingleConnection(Array)
#16 C:\Users\admin\du-an-tot-nghiep\vendor\laravel\framework\src\Illuminate\Database\DatabaseManager.php(207): Illuminate\Database\Connectors\ConnectionFactory->make(Array, 'sqlite')
#17 C:\Users\admin\du-an-tot-nghiep\vendor\laravel\framework\src\Illuminate\Database\DatabaseManager.php(103): Illuminate\Database\DatabaseManager->makeConnection('sqlite')
#18 C:\Users\admin\du-an-tot-nghiep\vendor\laravel\framework\src\Illuminate\Database\Eloquent\Model.php(1851): Illuminate\Database\DatabaseManager->connection('sqlite')
#19 C:\Users\admin\du-an-tot-nghiep\vendor\laravel\framework\src\Illuminate\Database\Eloquent\Model.php(1817): Illuminate\Database\Eloquent\Model::resolveConnection(NULL)
#20 C:\Users\admin\du-an-tot-nghiep\vendor\laravel\framework\src\Illuminate\Database\Eloquent\Model.php(1615): Illuminate\Database\Eloquent\Model->getConnection()
#21 C:\Users\admin\du-an-tot-nghiep\vendor\laravel\framework\src\Illuminate\Database\Eloquent\Model.php(1534): Illuminate\Database\Eloquent\Model->newBaseQueryBuilder()
#22 C:\Users\admin\du-an-tot-nghiep\vendor\laravel\framework\src\Illuminate\Database\Eloquent\Model.php(1570): Illuminate\Database\Eloquent\Model->newModelQuery()
#23 C:\Users\admin\du-an-tot-nghiep\vendor\laravel\framework\src\Illuminate\Database\Eloquent\Model.php(1523): Illuminate\Database\Eloquent\Model->newQueryWithoutScopes()
#24 C:\Users\admin\du-an-tot-nghiep\vendor\laravel\framework\src\Illuminate\Database\Eloquent\Model.php(2372): Illuminate\Database\Eloquent\Model->newQuery()
#25 C:\Users\admin\du-an-tot-nghiep\vendor\laravel\framework\src\Illuminate\Database\Eloquent\Model.php(2384): Illuminate\Database\Eloquent\Model->__call('orderBy', Array)
#26 C:\Users\admin\du-an-tot-nghiep\app\Http\Controllers\Customer\HomeController.php(13): Illuminate\Database\Eloquent\Model::__callStatic('orderBy', Array)
#27 C:\Users\admin\du-an-tot-nghiep\vendor\laravel\framework\src\Illuminate\Routing\ControllerDispatcher.php(47): App\Http\Controllers\Customer\HomeController->index()
#28 C:\Users\admin\du-an-tot-nghiep\vendor\laravel\framework\src\Illuminate\Routing\Route.php(266): Illuminate\Routing\ControllerDispatcher->dispatch(Object(Illuminate\Routing\Route), Object(App\Http\Controllers\Customer\HomeController), 'index')
#29 C:\Users\admin\du-an-tot-nghiep\vendor\laravel\framework\src\Illuminate\Routing\Route.php(212): Illuminate\Routing\Route->runController()
#30 C:\Users\admin\du-an-tot-nghiep\vendor\laravel\framework\src\Illuminate\Routing\Router.php(808): Illuminate\Routing\Route->run()
#31 C:\Users\admin\du-an-tot-nghiep\vendor\laravel\framework\src\Illuminate\Pipeline\Pipeline.php(170): Illuminate\Routing\Router->Illuminate\Routing\{closure}(Object(Illuminate\Http\Request))
#32 C:\Users\admin\du-an-tot-nghiep\vendor\laravel\framework\src\Illuminate\Routing\Middleware\SubstituteBindings.php(51): Illuminate\Pipeline\Pipeline->Illuminate\Pipeline\{closure}(Object(Illuminate\Http\Request))
#33 C:\Users\admin\du-an-tot-nghiep\vendor\laravel\framework\src\Illuminate\Pipeline\Pipeline.php(209): Illuminate\Routing\Middleware\SubstituteBindings->handle(Object(Illuminate\Http\Request), Object(Closure))
#34 C:\Users\admin\du-an-tot-nghiep\vendor\laravel\framework\src\Illuminate\Foundation\Http\Middleware\VerifyCsrfToken.php(88): Illuminate\Pipeline\Pipeline->Illuminate\Pipeline\{closure}(Object(Illuminate\Http\Request))
#35 C:\Users\admin\du-an-tot-nghiep\vendor\laravel\framework\src\Illuminate\Pipeline\Pipeline.php(209): Illuminate\Foundation\Http\Middleware\VerifyCsrfToken->handle(Object(Illuminate\Http\Request), Object(Closure))
#36 C:\Users\admin\du-an-tot-nghiep\vendor\laravel\framework\src\Illuminate\View\Middleware\ShareErrorsFromSession.php(49): Illuminate\Pipeline\Pipeline->Illuminate\Pipeline\{closure}(Object(Illuminate\Http\Request))
#37 C:\Users\admin\du-an-tot-nghiep\vendor\laravel\framework\src\Illuminate\Pipeline\Pipeline.php(209): Illuminate\View\Middleware\ShareErrorsFromSession->handle(Object(Illuminate\Http\Request), Object(Closure))
#38 C:\Users\admin\du-an-tot-nghiep\vendor\laravel\framework\src\Illuminate\Session\Middleware\StartSession.php(121): Illuminate\Pipeline\Pipeline->Illuminate\Pipeline\{closure}(Object(Illuminate\Http\Request))
#39 C:\Users\admin\du-an-tot-nghiep\vendor\laravel\framework\src\Illuminate\Session\Middleware\StartSession.php(64): Illuminate\Session\Middleware\StartSession->handleStatefulRequest(Object(Illuminate\Http\Request), Object(Illuminate\Session\Store), Object(Closure))
#40 C:\Users\admin\du-an-tot-nghiep\vendor\laravel\framework\src\Illuminate\Pipeline\Pipeline.php(209): Illuminate\Session\Middleware\StartSession->handle(Object(Illuminate\Http\Request), Object(Closure))
#41 C:\Users\admin\du-an-tot-nghiep\vendor\laravel\framework\src\Illuminate\Cookie\Middleware\AddQueuedCookiesToResponse.php(37): Illuminate\Pipeline\Pipeline->Illuminate\Pipeline\{closure}(Object(Illuminate\Http\Request))
#42 C:\Users\admin\du-an-tot-nghiep\vendor\laravel\framework\src\Illuminate\Pipeline\Pipeline.php(209): Illuminate\Cookie\Middleware\AddQueuedCookiesToResponse->handle(Object(Illuminate\Http\Request), Object(Closure))
#43 C:\Users\admin\du-an-tot-nghiep\vendor\laravel\framework\src\Illuminate\Cookie\Middleware\EncryptCookies.php(75): Illuminate\Pipeline\Pipeline->Illuminate\Pipeline\{closure}(Object(Illuminate\Http\Request))
#44 C:\Users\admin\du-an-tot-nghiep\vendor\laravel\framework\src\Illuminate\Pipeline\Pipeline.php(209): Illuminate\Cookie\Middleware\EncryptCookies->handle(Object(Illuminate\Http\Request), Object(Closure))
#45 C:\Users\admin\du-an-tot-nghiep\vendor\laravel\framework\src\Illuminate\Pipeline\Pipeline.php(127): Illuminate\Pipeline\Pipeline->Illuminate\Pipeline\{closure}(Object(Illuminate\Http\Request))
#46 C:\Users\admin\du-an-tot-nghiep\vendor\laravel\framework\src\Illuminate\Routing\Router.php(807): Illuminate\Pipeline\Pipeline->then(Object(Closure))
#47 C:\Users\admin\du-an-tot-nghiep\vendor\laravel\framework\src\Illuminate\Routing\Router.php(786): Illuminate\Routing\Router->runRouteWithinStack(Object(Illuminate\Routing\Route), Object(Illuminate\Http\Request))
#48 C:\Users\admin\du-an-tot-nghiep\vendor\laravel\framework\src\Illuminate\Routing\Router.php(750): Illuminate\Routing\Router->runRoute(Object(Illuminate\Http\Request), Object(Illuminate\Routing\Route))
#49 C:\Users\admin\du-an-tot-nghiep\vendor\laravel\framework\src\Illuminate\Routing\Router.php(739): Illuminate\Routing\Router->dispatchToRoute(Object(Illuminate\Http\Request))
#50 C:\Users\admin\du-an-tot-nghiep\vendor\laravel\framework\src\Illuminate\Foundation\Http\Kernel.php(201): Illuminate\Routing\Router->dispatch(Object(Illuminate\Http\Request))
#51 C:\Users\admin\du-an-tot-nghiep\vendor\laravel\framework\src\Illuminate\Pipeline\Pipeline.php(170): Illuminate\Foundation\Http\Kernel->Illuminate\Foundation\Http\{closure}(Object(Illuminate\Http\Request))
#52 C:\Users\admin\du-an-tot-nghiep\vendor\livewire\livewire\src\Features\SupportDisablingBackButtonCache\DisableBackButtonCacheMiddleware.php(19): Illuminate\Pipeline\Pipeline->Illuminate\Pipeline\{closure}(Object(Illuminate\Http\Request))
#53 C:\Users\admin\du-an-tot-nghiep\vendor\laravel\framework\src\Illuminate\Pipeline\Pipeline.php(209): Livewire\Features\SupportDisablingBackButtonCache\DisableBackButtonCacheMiddleware->handle(Object(Illuminate\Http\Request), Object(Closure))
#54 C:\Users\admin\du-an-tot-nghiep\vendor\laravel\framework\src\Illuminate\Foundation\Http\Middleware\TransformsRequest.php(21): Illuminate\Pipeline\Pipeline->Illuminate\Pipeline\{closure}(Object(Illuminate\Http\Request))
#55 C:\Users\admin\du-an-tot-nghiep\vendor\laravel\framework\src\Illuminate\Foundation\Http\Middleware\ConvertEmptyStringsToNull.php(31): Illuminate\Foundation\Http\Middleware\TransformsRequest->handle(Object(Illuminate\Http\Request), Object(Closure))
#56 C:\Users\admin\du-an-tot-nghiep\vendor\laravel\framework\src\Illuminate\Pipeline\Pipeline.php(209): Illuminate\Foundation\Http\Middleware\ConvertEmptyStringsToNull->handle(Object(Illuminate\Http\Request), Object(Closure))
#57 C:\Users\admin\du-an-tot-nghiep\vendor\laravel\framework\src\Illuminate\Foundation\Http\Middleware\TransformsRequest.php(21): Illuminate\Pipeline\Pipeline->Illuminate\Pipeline\{closure}(Object(Illuminate\Http\Request))
#58 C:\Users\admin\du-an-tot-nghiep\vendor\laravel\framework\src\Illuminate\Foundation\Http\Middleware\TrimStrings.php(51): Illuminate\Foundation\Http\Middleware\TransformsRequest->handle(Object(Illuminate\Http\Request), Object(Closure))
#59 C:\Users\admin\du-an-tot-nghiep\vendor\laravel\framework\src\Illuminate\Pipeline\Pipeline.php(209): Illuminate\Foundation\Http\Middleware\TrimStrings->handle(Object(Illuminate\Http\Request), Object(Closure))
#60 C:\Users\admin\du-an-tot-nghiep\vendor\laravel\framework\src\Illuminate\Http\Middleware\ValidatePostSize.php(27): Illuminate\Pipeline\Pipeline->Illuminate\Pipeline\{closure}(Object(Illuminate\Http\Request))
#61 C:\Users\admin\du-an-tot-nghiep\vendor\laravel\framework\src\Illuminate\Pipeline\Pipeline.php(209): Illuminate\Http\Middleware\ValidatePostSize->handle(Object(Illuminate\Http\Request), Object(Closure))
#62 C:\Users\admin\du-an-tot-nghiep\vendor\laravel\framework\src\Illuminate\Foundation\Http\Middleware\PreventRequestsDuringMaintenance.php(110): Illuminate\Pipeline\Pipeline->Illuminate\Pipeline\{closure}(Object(Illuminate\Http\Request))
#63 C:\Users\admin\du-an-tot-nghiep\vendor\laravel\framework\src\Illuminate\Pipeline\Pipeline.php(209): Illuminate\Foundation\Http\Middleware\PreventRequestsDuringMaintenance->handle(Object(Illuminate\Http\Request), Object(Closure))
#64 C:\Users\admin\du-an-tot-nghiep\vendor\laravel\framework\src\Illuminate\Http\Middleware\HandleCors.php(49): Illuminate\Pipeline\Pipeline->Illuminate\Pipeline\{closure}(Object(Illuminate\Http\Request))
#65 C:\Users\admin\du-an-tot-nghiep\vendor\laravel\framework\src\Illuminate\Pipeline\Pipeline.php(209): Illuminate\Http\Middleware\HandleCors->handle(Object(Illuminate\Http\Request), Object(Closure))
#66 C:\Users\admin\du-an-tot-nghiep\vendor\laravel\framework\src\Illuminate\Http\Middleware\TrustProxies.php(58): Illuminate\Pipeline\Pipeline->Illuminate\Pipeline\{closure}(Object(Illuminate\Http\Request))
#67 C:\Users\admin\du-an-tot-nghiep\vendor\laravel\framework\src\Illuminate\Pipeline\Pipeline.php(209): Illuminate\Http\Middleware\TrustProxies->handle(Object(Illuminate\Http\Request), Object(Closure))
#68 C:\Users\admin\du-an-tot-nghiep\vendor\laravel\framework\src\Illuminate\Foundation\Http\Middleware\InvokeDeferredCallbacks.php(22): Illuminate\Pipeline\Pipeline->Illuminate\Pipeline\{closure}(Object(Illuminate\Http\Request))
#69 C:\Users\admin\du-an-tot-nghiep\vendor\laravel\framework\src\Illuminate\Pipeline\Pipeline.php(209): Illuminate\Foundation\Http\Middleware\InvokeDeferredCallbacks->handle(Object(Illuminate\Http\Request), Object(Closure))
#70 C:\Users\admin\du-an-tot-nghiep\vendor\laravel\framework\src\Illuminate\Pipeline\Pipeline.php(127): Illuminate\Pipeline\Pipeline->Illuminate\Pipeline\{closure}(Object(Illuminate\Http\Request))
#71 C:\Users\admin\du-an-tot-nghiep\vendor\laravel\framework\src\Illuminate\Foundation\Http\Kernel.php(176): Illuminate\Pipeline\Pipeline->then(Object(Closure))
#72 C:\Users\admin\du-an-tot-nghiep\vendor\laravel\framework\src\Illuminate\Foundation\Http\Kernel.php(145): Illuminate\Foundation\Http\Kernel->sendRequestThroughRouter(Object(Illuminate\Http\Request))
#73 C:\Users\admin\du-an-tot-nghiep\vendor\laravel\framework\src\Illuminate\Foundation\Testing\Concerns\MakesHttpRequests.php(607): Illuminate\Foundation\Http\Kernel->handle(Object(Illuminate\Http\Request))
#74 C:\Users\admin\du-an-tot-nghiep\vendor\laravel\framework\src\Illuminate\Foundation\Testing\Concerns\MakesHttpRequests.php(368): Illuminate\Foundation\Testing\TestCase->call('GET', '/', Array, Array, Array, Array)
#75 C:\Users\admin\du-an-tot-nghiep\tests\Feature\ExampleTest.php(15): Illuminate\Foundation\Testing\TestCase->get('/')
#76 C:\Users\admin\du-an-tot-nghiep\vendor\phpunit\phpunit\src\Framework\TestCase.php(1548): Tests\Feature\ExampleTest->test_the_application_returns_a_successful_response()
#77 C:\Users\admin\du-an-tot-nghiep\vendor\phpunit\phpunit\src\Framework\TestCase.php(686): PHPUnit\Framework\TestCase->runTest()
#78 C:\Users\admin\du-an-tot-nghiep\vendor\phpunit\phpunit\src\Framework\TestRunner.php(106): PHPUnit\Framework\TestCase->runBare()
#79 C:\Users\admin\du-an-tot-nghiep\vendor\phpunit\phpunit\src\Framework\TestCase.php(516): PHPUnit\Framework\TestRunner->run(Object(Tests\Feature\ExampleTest))
#80 C:\Users\admin\du-an-tot-nghiep\vendor\phpunit\phpunit\src\Framework\TestSuite.php(374): PHPUnit\Framework\TestCase->run()
#81 C:\Users\admin\du-an-tot-nghiep\vendor\phpunit\phpunit\src\Framework\TestSuite.php(374): PHPUnit\Framework\TestSuite->run()
#82 C:\Users\admin\du-an-tot-nghiep\vendor\phpunit\phpunit\src\Framework\TestSuite.php(374): PHPUnit\Framework\TestSuite->run()
#83 C:\Users\admin\du-an-tot-nghiep\vendor\phpunit\phpunit\src\TextUI\TestRunner.php(64): PHPUnit\Framework\TestSuite->run()
#84 C:\Users\admin\du-an-tot-nghiep\vendor\phpunit\phpunit\src\TextUI\Application.php(204): PHPUnit\TextUI\TestRunner->run(Object(PHPUnit\TextUI\Configuration\Configuration), Object(PHPUnit\Runner\ResultCache\DefaultResultCache), Object(PHPUnit\Framework\TestSuite))
#85 C:\Users\admin\du-an-tot-nghiep\vendor\phpunit\phpunit\phpunit(104): PHPUnit\TextUI\Application->run(Array)
#86 {main}

Next Illuminate\Database\QueryException: could not find driver (Connection: sqlite, SQL: PRAGMA foreign_keys = ON;) in C:\Users\admin\du-an-tot-nghiep\vendor\laravel\framework\src\Illuminate\Database\Connection.php:825
Stack trace:
#0 C:\Users\admin\du-an-tot-nghiep\vendor\laravel\framework\src\Illuminate\Database\Connection.php(779): Illuminate\Database\Connection->runQueryCallback('PRAGMA foreign_...', Array, Object(Closure))
#1 C:\Users\admin\du-an-tot-nghiep\vendor\laravel\framework\src\Illuminate\Database\Connection.php(560): Illuminate\Database\Connection->run('PRAGMA foreign_...', Array, Object(Closure))
#2 C:\Users\admin\du-an-tot-nghiep\vendor\laravel\framework\src\Illuminate\Database\Schema\Builder.php(522): Illuminate\Database\Connection->statement('PRAGMA foreign_...')
#3 C:\Users\admin\du-an-tot-nghiep\vendor\laravel\framework\src\Illuminate\Database\SQLiteConnection.php(59): Illuminate\Database\Schema\Builder->enableForeignKeyConstraints()
#4 C:\Users\admin\du-an-tot-nghiep\vendor\laravel\framework\src\Illuminate\Database\SQLiteConnection.php(28): Illuminate\Database\SQLiteConnection->configureForeignKeyConstraints()
#5 C:\Users\admin\du-an-tot-nghiep\vendor\laravel\framework\src\Illuminate\Database\Connectors\ConnectionFactory.php(277): Illuminate\Database\SQLiteConnection->__construct(Object(Closure), ':memory:', '', Array)
#6 C:\Users\admin\du-an-tot-nghiep\vendor\laravel\framework\src\Illuminate\Database\Connectors\ConnectionFactory.php(76): Illuminate\Database\Connectors\ConnectionFactory->createConnection('sqlite', Object(Closure), ':memory:', '', Array)
#7 C:\Users\admin\du-an-tot-nghiep\vendor\laravel\framework\src\Illuminate\Database\Connectors\ConnectionFactory.php(51): Illuminate\Database\Connectors\ConnectionFactory->createSingleConnection(Array)
#8 C:\Users\admin\du-an-tot-nghiep\vendor\laravel\framework\src\Illuminate\Database\DatabaseManager.php(207): Illuminate\Database\Connectors\ConnectionFactory->make(Array, 'sqlite')
#9 C:\Users\admin\du-an-tot-nghiep\vendor\laravel\framework\src\Illuminate\Database\DatabaseManager.php(103): Illuminate\Database\DatabaseManager->makeConnection('sqlite')
#10 C:\Users\admin\du-an-tot-nghiep\vendor\laravel\framework\src\Illuminate\Database\Eloquent\Model.php(1851): Illuminate\Database\DatabaseManager->connection('sqlite')
#11 C:\Users\admin\du-an-tot-nghiep\vendor\laravel\framework\src\Illuminate\Database\Eloquent\Model.php(1817): Illuminate\Database\Eloquent\Model::resolveConnection(NULL)
#12 C:\Users\admin\du-an-tot-nghiep\vendor\laravel\framework\src\Illuminate\Database\Eloquent\Model.php(1615): Illuminate\Database\Eloquent\Model->getConnection()
#13 C:\Users\admin\du-an-tot-nghiep\vendor\laravel\framework\src\Illuminate\Database\Eloquent\Model.php(1534): Illuminate\Database\Eloquent\Model->newBaseQueryBuilder()
#14 C:\Users\admin\du-an-tot-nghiep\vendor\laravel\framework\src\Illuminate\Database\Eloquent\Model.php(1570): Illuminate\Database\Eloquent\Model->newModelQuery()
#15 C:\Users\admin\du-an-tot-nghiep\vendor\laravel\framework\src\Illuminate\Database\Eloquent\Model.php(1523): Illuminate\Database\Eloquent\Model->newQueryWithoutScopes()
#16 C:\Users\admin\du-an-tot-nghiep\vendor\laravel\framework\src\Illuminate\Database\Eloquent\Model.php(2372): Illuminate\Database\Eloquent\Model->newQuery()
#17 C:\Users\admin\du-an-tot-nghiep\vendor\laravel\framework\src\Illuminate\Database\Eloquent\Model.php(2384): Illuminate\Database\Eloquent\Model->__call('orderBy', Array)
#18 C:\Users\admin\du-an-tot-nghiep\app\Http\Controllers\Customer\HomeController.php(13): Illuminate\Database\Eloquent\Model::__callStatic('orderBy', Array)
#19 C:\Users\admin\du-an-tot-nghiep\vendor\laravel\framework\src\Illuminate\Routing\ControllerDispatcher.php(47): App\Http\Controllers\Customer\HomeController->index()
#20 C:\Users\admin\du-an-tot-nghiep\vendor\laravel\framework\src\Illuminate\Routing\Route.php(266): Illuminate\Routing\ControllerDispatcher->dispatch(Object(Illuminate\Routing\Route), Object(App\Http\Controllers\Customer\HomeController), 'index')
#21 C:\Users\admin\du-an-tot-nghiep\vendor\laravel\framework\src\Illuminate\Routing\Route.php(212): Illuminate\Routing\Route->runController()
#22 C:\Users\admin\du-an-tot-nghiep\vendor\laravel\framework\src\Illuminate\Routing\Router.php(808): Illuminate\Routing\Route->run()
#23 C:\Users\admin\du-an-tot-nghiep\vendor\laravel\framework\src\Illuminate\Pipeline\Pipeline.php(170): Illuminate\Routing\Router->Illuminate\Routing\{closure}(Object(Illuminate\Http\Request))
#24 C:\Users\admin\du-an-tot-nghiep\vendor\laravel\framework\src\Illuminate\Routing\Middleware\SubstituteBindings.php(51): Illuminate\Pipeline\Pipeline->Illuminate\Pipeline\{closure}(Object(Illuminate\Http\Request))
#25 C:\Users\admin\du-an-tot-nghiep\vendor\laravel\framework\src\Illuminate\Pipeline\Pipeline.php(209): Illuminate\Routing\Middleware\SubstituteBindings->handle(Object(Illuminate\Http\Request), Object(Closure))
#26 C:\Users\admin\du-an-tot-nghiep\vendor\laravel\framework\src\Illuminate\Foundation\Http\Middleware\VerifyCsrfToken.php(88): Illuminate\Pipeline\Pipeline->Illuminate\Pipeline\{closure}(Object(Illuminate\Http\Request))
#27 C:\Users\admin\du-an-tot-nghiep\vendor\laravel\framework\src\Illuminate\Pipeline\Pipeline.php(209): Illuminate\Foundation\Http\Middleware\VerifyCsrfToken->handle(Object(Illuminate\Http\Request), Object(Closure))
#28 C:\Users\admin\du-an-tot-nghiep\vendor\laravel\framework\src\Illuminate\View\Middleware\ShareErrorsFromSession.php(49): Illuminate\Pipeline\Pipeline->Illuminate\Pipeline\{closure}(Object(Illuminate\Http\Request))
#29 C:\Users\admin\du-an-tot-nghiep\vendor\laravel\framework\src\Illuminate\Pipeline\Pipeline.php(209): Illuminate\View\Middleware\ShareErrorsFromSession->handle(Object(Illuminate\Http\Request), Object(Closure))
#30 C:\Users\admin\du-an-tot-nghiep\vendor\laravel\framework\src\Illuminate\Session\Middleware\StartSession.php(121): Illuminate\Pipeline\Pipeline->Illuminate\Pipeline\{closure}(Object(Illuminate\Http\Request))
#31 C:\Users\admin\du-an-tot-nghiep\vendor\laravel\framework\src\Illuminate\Session\Middleware\StartSession.php(64): Illuminate\Session\Middleware\StartSession->handleStatefulRequest(Object(Illuminate\Http\Request), Object(Illuminate\Session\Store), Object(Closure))
#32 C:\Users\admin\du-an-tot-nghiep\vendor\laravel\framework\src\Illuminate\Pipeline\Pipeline.php(209): Illuminate\Session\Middleware\StartSession->handle(Object(Illuminate\Http\Request), Object(Closure))
#33 C:\Users\admin\du-an-tot-nghiep\vendor\laravel\framework\src\Illuminate\Cookie\Middleware\AddQueuedCookiesToResponse.php(37): Illuminate\Pipeline\Pipeline->Illuminate\Pipeline\{closure}(Object(Illuminate\Http\Request))
#34 C:\Users\admin\du-an-tot-nghiep\vendor\laravel\framework\src\Illuminate\Pipeline\Pipeline.php(209): Illuminate\Cookie\Middleware\AddQueuedCookiesToResponse->handle(Object(Illuminate\Http\Request), Object(Closure))
#35 C:\Users\admin\du-an-tot-nghiep\vendor\laravel\framework\src\Illuminate\Cookie\Middleware\EncryptCookies.php(75): Illuminate\Pipeline\Pipeline->Illuminate\Pipeline\{closure}(Object(Illuminate\Http\Request))
#36 C:\Users\admin\du-an-tot-nghiep\vendor\laravel\framework\src\Illuminate\Pipeline\Pipeline.php(209): Illuminate\Cookie\Middleware\EncryptCookies->handle(Object(Illuminate\Http\Request), Object(Closure))
#37 C:\Users\admin\du-an-tot-nghiep\vendor\laravel\framework\src\Illuminate\Pipeline\Pipeline.php(127): Illuminate\Pipeline\Pipeline->Illuminate\Pipeline\{closure}(Object(Illuminate\Http\Request))
#38 C:\Users\admin\du-an-tot-nghiep\vendor\laravel\framework\src\Illuminate\Routing\Router.php(807): Illuminate\Pipeline\Pipeline->then(Object(Closure))
#39 C:\Users\admin\du-an-tot-nghiep\vendor\laravel\framework\src\Illuminate\Routing\Router.php(786): Illuminate\Routing\Router->runRouteWithinStack(Object(Illuminate\Routing\Route), Object(Illuminate\Http\Request))
#40 C:\Users\admin\du-an-tot-nghiep\vendor\laravel\framework\src\Illuminate\Routing\Router.php(750): Illuminate\Routing\Router->runRoute(Object(Illuminate\Http\Request), Object(Illuminate\Routing\Route))
#41 C:\Users\admin\du-an-tot-nghiep\vendor\laravel\framework\src\Illuminate\Routing\Router.php(739): Illuminate\Routing\Router->dispatchToRoute(Object(Illuminate\Http\Request))
#42 C:\Users\admin\du-an-tot-nghiep\vendor\laravel\framework\src\Illuminate\Foundation\Http\Kernel.php(201): Illuminate\Routing\Router->dispatch(Object(Illuminate\Http\Request))
#43 C:\Users\admin\du-an-tot-nghiep\vendor\laravel\framework\src\Illuminate\Pipeline\Pipeline.php(170): Illuminate\Foundation\Http\Kernel->Illuminate\Foundation\Http\{closure}(Object(Illuminate\Http\Request))
#44 C:\Users\admin\du-an-tot-nghiep\vendor\livewire\livewire\src\Features\SupportDisablingBackButtonCache\DisableBackButtonCacheMiddleware.php(19): Illuminate\Pipeline\Pipeline->Illuminate\Pipeline\{closure}(Object(Illuminate\Http\Request))
#45 C:\Users\admin\du-an-tot-nghiep\vendor\laravel\framework\src\Illuminate\Pipeline\Pipeline.php(209): Livewire\Features\SupportDisablingBackButtonCache\DisableBackButtonCacheMiddleware->handle(Object(Illuminate\Http\Request), Object(Closure))
#46 C:\Users\admin\du-an-tot-nghiep\vendor\laravel\framework\src\Illuminate\Foundation\Http\Middleware\TransformsRequest.php(21): Illuminate\Pipeline\Pipeline->Illuminate\Pipeline\{closure}(Object(Illuminate\Http\Request))
#47 C:\Users\admin\du-an-tot-nghiep\vendor\laravel\framework\src\Illuminate\Foundation\Http\Middleware\ConvertEmptyStringsToNull.php(31): Illuminate\Foundation\Http\Middleware\TransformsRequest->handle(Object(Illuminate\Http\Request), Object(Closure))
#48 C:\Users\admin\du-an-tot-nghiep\vendor\laravel\framework\src\Illuminate\Pipeline\Pipeline.php(209): Illuminate\Foundation\Http\Middleware\ConvertEmptyStringsToNull->handle(Object(Illuminate\Http\Request), Object(Closure))
#49 C:\Users\admin\du-an-tot-nghiep\vendor\laravel\framework\src\Illuminate\Foundation\Http\Middleware\TransformsRequest.php(21): Illuminate\Pipeline\Pipeline->Illuminate\Pipeline\{closure}(Object(Illuminate\Http\Request))
#50 C:\Users\admin\du-an-tot-nghiep\vendor\laravel\framework\src\Illuminate\Foundation\Http\Middleware\TrimStrings.php(51): Illuminate\Foundation\Http\Middleware\TransformsRequest->handle(Object(Illuminate\Http\Request), Object(Closure))
#51 C:\Users\admin\du-an-tot-nghiep\vendor\laravel\framework\src\Illuminate\Pipeline\Pipeline.php(209): Illuminate\Foundation\Http\Middleware\TrimStrings->handle(Object(Illuminate\Http\Request), Object(Closure))
#52 C:\Users\admin\du-an-tot-nghiep\vendor\laravel\framework\src\Illuminate\Http\Middleware\ValidatePostSize.php(27): Illuminate\Pipeline\Pipeline->Illuminate\Pipeline\{closure}(Object(Illuminate\Http\Request))
#53 C:\Users\admin\du-an-tot-nghiep\vendor\laravel\framework\src\Illuminate\Pipeline\Pipeline.php(209): Illuminate\Http\Middleware\ValidatePostSize->handle(Object(Illuminate\Http\Request), Object(Closure))
#54 C:\Users\admin\du-an-tot-nghiep\vendor\laravel\framework\src\Illuminate\Foundation\Http\Middleware\PreventRequestsDuringMaintenance.php(110): Illuminate\Pipeline\Pipeline->Illuminate\Pipeline\{closure}(Object(Illuminate\Http\Request))
#55 C:\Users\admin\du-an-tot-nghiep\vendor\laravel\framework\src\Illuminate\Pipeline\Pipeline.php(209): Illuminate\Foundation\Http\Middleware\PreventRequestsDuringMaintenance->handle(Object(Illuminate\Http\Request), Object(Closure))
#56 C:\Users\admin\du-an-tot-nghiep\vendor\laravel\framework\src\Illuminate\Http\Middleware\HandleCors.php(49): Illuminate\Pipeline\Pipeline->Illuminate\Pipeline\{closure}(Object(Illuminate\Http\Request))
#57 C:\Users\admin\du-an-tot-nghiep\vendor\laravel\framework\src\Illuminate\Pipeline\Pipeline.php(209): Illuminate\Http\Middleware\HandleCors->handle(Object(Illuminate\Http\Request), Object(Closure))
#58 C:\Users\admin\du-an-tot-nghiep\vendor\laravel\framework\src\Illuminate\Http\Middleware\TrustProxies.php(58): Illuminate\Pipeline\Pipeline->Illuminate\Pipeline\{closure}(Object(Illuminate\Http\Request))
#59 C:\Users\admin\du-an-tot-nghiep\vendor\laravel\framework\src\Illuminate\Pipeline\Pipeline.php(209): Illuminate\Http\Middleware\TrustProxies->handle(Object(Illuminate\Http\Request), Object(Closure))
#60 C:\Users\admin\du-an-tot-nghiep\vendor\laravel\framework\src\Illuminate\Foundation\Http\Middleware\InvokeDeferredCallbacks.php(22): Illuminate\Pipeline\Pipeline->Illuminate\Pipeline\{closure}(Object(Illuminate\Http\Request))
#61 C:\Users\admin\du-an-tot-nghiep\vendor\laravel\framework\src\Illuminate\Pipeline\Pipeline.php(209): Illuminate\Foundation\Http\Middleware\InvokeDeferredCallbacks->handle(Object(Illuminate\Http\Request), Object(Closure))
#62 C:\Users\admin\du-an-tot-nghiep\vendor\laravel\framework\src\Illuminate\Pipeline\Pipeline.php(127): Illuminate\Pipeline\Pipeline->Illuminate\Pipeline\{closure}(Object(Illuminate\Http\Request))
#63 C:\Users\admin\du-an-tot-nghiep\vendor\laravel\framework\src\Illuminate\Foundation\Http\Kernel.php(176): Illuminate\Pipeline\Pipeline->then(Object(Closure))
#64 C:\Users\admin\du-an-tot-nghiep\vendor\laravel\framework\src\Illuminate\Foundation\Http\Kernel.php(145): Illuminate\Foundation\Http\Kernel->sendRequestThroughRouter(Object(Illuminate\Http\Request))
#65 C:\Users\admin\du-an-tot-nghiep\vendor\laravel\framework\src\Illuminate\Foundation\Testing\Concerns\MakesHttpRequests.php(607): Illuminate\Foundation\Http\Kernel->handle(Object(Illuminate\Http\Request))
#66 C:\Users\admin\du-an-tot-nghiep\vendor\laravel\framework\src\Illuminate\Foundation\Testing\Concerns\MakesHttpRequests.php(368): Illuminate\Foundation\Testing\TestCase->call('GET', '/', Array, Array, Array, Array)
#67 C:\Users\admin\du-an-tot-nghiep\tests\Feature\ExampleTest.php(15): Illuminate\Foundation\Testing\TestCase->get('/')
#68 C:\Users\admin\du-an-tot-nghiep\vendor\phpunit\phpunit\src\Framework\TestCase.php(1548): Tests\Feature\ExampleTest->test_the_application_returns_a_successful_response()
#69 C:\Users\admin\du-an-tot-nghiep\vendor\phpunit\phpunit\src\Framework\TestCase.php(686): PHPUnit\Framework\TestCase->runTest()
#70 C:\Users\admin\du-an-tot-nghiep\vendor\phpunit\phpunit\src\Framework\TestRunner.php(106): PHPUnit\Framework\TestCase->runBare()
#71 C:\Users\admin\du-an-tot-nghiep\vendor\phpunit\phpunit\src\Framework\TestCase.php(516): PHPUnit\Framework\TestRunner->run(Object(Tests\Feature\ExampleTest))
#72 C:\Users\admin\du-an-tot-nghiep\vendor\phpunit\phpunit\src\Framework\TestSuite.php(374): PHPUnit\Framework\TestCase->run()
#73 C:\Users\admin\du-an-tot-nghiep\vendor\phpunit\phpunit\src\Framework\TestSuite.php(374): PHPUnit\Framework\TestSuite->run()
#74 C:\Users\admin\du-an-tot-nghiep\vendor\phpunit\phpunit\src\Framework\TestSuite.php(374): PHPUnit\Framework\TestSuite->run()
#75 C:\Users\admin\du-an-tot-nghiep\vendor\phpunit\phpunit\src\TextUI\TestRunner.php(64): PHPUnit\Framework\TestSuite->run()
#76 C:\Users\admin\du-an-tot-nghiep\vendor\phpunit\phpunit\src\TextUI\Application.php(204): PHPUnit\TextUI\TestRunner->run(Object(PHPUnit\TextUI\Configuration\Configuration), Object(PHPUnit\Runner\ResultCache\DefaultResultCache), Object(PHPUnit\Framework\TestSuite))
#77 C:\Users\admin\du-an-tot-nghiep\vendor\phpunit\phpunit\phpunit(104): PHPUnit\TextUI\Application->run(Array)
#78 {main}

----------------------------------------------------------------------------------

could not find driver (Connection: sqlite, SQL: PRAGMA foreign_keys = ON;)

  at tests\Feature\ExampleTest.php:17
     13Γûò     public function test_the_application_returns_a_successful_response(): void
     14Γûò     {
     15Γûò         $response = $this->get('/');
     16Γûò 
  Γ₧£  17Γûò         $response->assertStatus(200);
     18Γûò     }
     19Γûò }
     20Γûò


  Tests:    1 failed, 1 passed (2 assertions)
  Duration: 3.39s

